// Jest Snapshot v1, https://goo.gl/fbAQLP

exports[`renders correctly 1`] = `
<div
  className="quote_home"
>
  <p>
    Mathematics is not about numbers, equations, computations, or algorithms: it is about understaning. -William Paul Thurston
  </p>
</div>
`;
